<?xml version="1.0" encoding="UTF-8"?>
<TestRun id="8e4fcf9a-dc55-44e6-936e-2822965981cf" name="Igor Starodynov@IGORSTARODYNOV 2012-04-05 10:10:13" runUser="IgorStarodynov\Igor Starodynov" xmlns="http://microsoft.com/schemas/VisualStudio/TeamTest/2010">
  <TestSettings name="Local" id="12d77f06-14f5-47b2-8e32-736f99c240b8">
    <Description>These are default test settings for a local test run.</Description>
    <Deployment enabled="false" runDeploymentRoot="Igor Starodynov_IGORSTARODYNOV 2012-04-05 10_10_13">
      <DeploymentItem filename="D:\Documents\Dropbox\Education\Visual Studio 2010\Projects\Multitier Project\apps\lib\DesktopClient.exe" />
      <DeploymentItem filename="D:\Documents\Dropbox\Education\Visual Studio 2010\Projects\Multitier Project\apps\src\ApplicationServer\bin\Debug\ApplicationServer.exe" />
      <DeploymentItem filename="D:\Documents\Dropbox\Education\Visual Studio 2010\Projects\Multitier Project\apps\src\ORM\bin\Debug\ORM.dll" />
    </Deployment>
    <Execution>
      <TestTypeSpecific />
      <AgentRule name="Execution Agents">
      </AgentRule>
    </Execution>
  </TestSettings>
  <Times creation="2012-04-05T10:10:13.4549144+03:00" queuing="2012-04-05T10:10:13.5159179+03:00" start="2012-04-05T10:10:13.5429195+03:00" finish="2012-04-05T10:10:16.8011058+03:00" />
  <ResultSummary outcome="Error">
    <Counters total="4" executed="4" passed="3" error="1" failed="0" timeout="0" aborted="0" inconclusive="0" passedButRunAborted="0" notRunnable="0" notExecuted="0" disconnected="0" warning="0" completed="0" inProgress="0" pending="0" />
    <Output>
      <DebugTrace>Listener: Exception maessage. A blocking operation was interrupted by a call to WSACancelBlockingCall
</DebugTrace>
    </Output>
    <RunInfos>
      <RunInfo computerName="IGORSTARODYNOV" outcome="Error" timestamp="2012-04-05T10:10:16.0190611+03:00">
        <Text>One of the background threads threw exception: 
System.ObjectDisposedException: Cannot access a disposed object.
Object name: 'System.Net.Sockets.Socket'.
   at System.Net.Sockets.Socket.get_LocalEndPoint()
   at System.Net.Sockets.TcpListener.get_LocalEndpoint()
   at ApplicationServer.Listener.Run(Object state) in D:\Documents\Dropbox\Education\Visual Studio 2010\Projects\Multitier Project\apps\src\ApplicationServer\Listener.cs:line 40
   at System.Threading.QueueUserWorkItemCallback.WaitCallback_Context(Object state)
   at System.Threading.ExecutionContext.runTryCode(Object userData)
   at System.Runtime.CompilerServices.RuntimeHelpers.ExecuteCodeWithGuaranteedCleanup(TryCode code, CleanupCode backoutCode, Object userData)
   at System.Threading.ExecutionContext.RunInternal(ExecutionContext executionContext, ContextCallback callback, Object state)
   at System.Threading.ExecutionContext.Run(ExecutionContext executionContext, ContextCallback callback, Object state, Boolean ignoreSyncCtx)
   at System.Threading.QueueUserWorkItemCallback.System.Threading.IThreadPoolWorkItem.ExecuteWorkItem()
   at System.Threading.ThreadPoolWorkQueue.Dispatch()
   at System.Threading._ThreadPoolWaitCallback.PerformWaitCallback()</Text>
      </RunInfo>
    </RunInfos>
  </ResultSummary>
  <TestDefinitions>
    <UnitTest name="ServerWrongPort" storage="d:\documents\dropbox\education\visual studio 2010\projects\multitier project\apps\src\testproject\bin\debug\testproject.dll" id="cb01a2ba-6540-0c04-dd7d-8bea215d8576">
      <Execution id="fe2053bd-1f34-4d6a-a7bd-b40ed8d74556" />
      <TestMethod codeBase="D:/Documents/Dropbox/Education/Visual Studio 2010/Projects/Multitier Project/apps/src/TestProject/bin/Debug/TestProject.DLL" adapterTypeName="Microsoft.VisualStudio.TestTools.TestTypes.Unit.UnitTestAdapter, Microsoft.VisualStudio.QualityTools.Tips.UnitTest.Adapter, Version=10.0.0.0, Culture=neutral, PublicKeyToken=b03f5f7f11d50a3a" className="TestProject.UnitTest, TestProject, Version=1.0.0.0, Culture=neutral, PublicKeyToken=null" name="ServerWrongPort" />
    </UnitTest>
    <UnitTest name="ListenerAddClient" storage="d:\documents\dropbox\education\visual studio 2010\projects\multitier project\apps\src\testproject\bin\debug\testproject.dll" id="9a00b1a9-240d-1b14-bd6f-57549208136b">
      <Execution id="57132a55-f007-4119-ab7e-4f73af56a816" />
      <TestMethod codeBase="D:/Documents/Dropbox/Education/Visual Studio 2010/Projects/Multitier Project/apps/src/TestProject/bin/Debug/TestProject.DLL" adapterTypeName="Microsoft.VisualStudio.TestTools.TestTypes.Unit.UnitTestAdapter, Microsoft.VisualStudio.QualityTools.Tips.UnitTest.Adapter, Version=10.0.0.0, Culture=neutral, PublicKeyToken=b03f5f7f11d50a3a" className="TestProject.UnitTest, TestProject, Version=1.0.0.0, Culture=neutral, PublicKeyToken=null" name="ListenerAddClient" />
    </UnitTest>
    <UnitTest name="ServerTest" storage="d:\documents\dropbox\education\visual studio 2010\projects\multitier project\apps\src\testproject\bin\debug\testproject.dll" id="61f64de3-c180-b7d0-3089-accbd958bae0">
      <Execution id="92e07ef2-a1af-46bf-a782-f849a8a46767" />
      <TestMethod codeBase="D:/Documents/Dropbox/Education/Visual Studio 2010/Projects/Multitier Project/apps/src/TestProject/bin/Debug/TestProject.DLL" adapterTypeName="Microsoft.VisualStudio.TestTools.TestTypes.Unit.UnitTestAdapter, Microsoft.VisualStudio.QualityTools.Tips.UnitTest.Adapter, Version=10.0.0.0, Culture=neutral, PublicKeyToken=b03f5f7f11d50a3a" className="TestProject.UnitTest, TestProject, Version=1.0.0.0, Culture=neutral, PublicKeyToken=null" name="ServerTest" />
    </UnitTest>
    <UnitTest name="AddClientConnect" storage="d:\documents\dropbox\education\visual studio 2010\projects\multitier project\apps\src\testproject\bin\debug\testproject.dll" id="578e7c75-d692-1d0e-3f5f-a27b3bee43a5">
      <Execution id="f426c9ae-9e21-4dbb-a4e6-c6a2e157c935" />
      <TestMethod codeBase="D:/Documents/Dropbox/Education/Visual Studio 2010/Projects/Multitier Project/apps/src/TestProject/bin/Debug/TestProject.DLL" adapterTypeName="Microsoft.VisualStudio.TestTools.TestTypes.Unit.UnitTestAdapter, Microsoft.VisualStudio.QualityTools.Tips.UnitTest.Adapter, Version=10.0.0.0, Culture=neutral, PublicKeyToken=b03f5f7f11d50a3a" className="TestProject.UnitTest, TestProject, Version=1.0.0.0, Culture=neutral, PublicKeyToken=null" name="AddClientConnect" />
    </UnitTest>
  </TestDefinitions>
  <TestLists>
    <TestList name="Results Not in a List" id="8c84fa94-04c1-424b-9868-57a2d4851a1d" />
    <TestList name="All Loaded Results" id="19431567-8539-422a-85d7-44ee4e166bda" />
  </TestLists>
  <TestEntries>
    <TestEntry testId="578e7c75-d692-1d0e-3f5f-a27b3bee43a5" executionId="f426c9ae-9e21-4dbb-a4e6-c6a2e157c935" testListId="8c84fa94-04c1-424b-9868-57a2d4851a1d" />
    <TestEntry testId="61f64de3-c180-b7d0-3089-accbd958bae0" executionId="92e07ef2-a1af-46bf-a782-f849a8a46767" testListId="8c84fa94-04c1-424b-9868-57a2d4851a1d" />
    <TestEntry testId="9a00b1a9-240d-1b14-bd6f-57549208136b" executionId="57132a55-f007-4119-ab7e-4f73af56a816" testListId="8c84fa94-04c1-424b-9868-57a2d4851a1d" />
    <TestEntry testId="cb01a2ba-6540-0c04-dd7d-8bea215d8576" executionId="fe2053bd-1f34-4d6a-a7bd-b40ed8d74556" testListId="8c84fa94-04c1-424b-9868-57a2d4851a1d" />
  </TestEntries>
  <Results>
    <UnitTestResult executionId="f426c9ae-9e21-4dbb-a4e6-c6a2e157c935" testId="578e7c75-d692-1d0e-3f5f-a27b3bee43a5" testName="AddClientConnect" computerName="IGORSTARODYNOV" duration="00:00:02.0325722" startTime="2012-04-05T10:10:13.5909222+03:00" endTime="2012-04-05T10:10:15.9380565+03:00" testType="13cdc9d9-ddb5-4fa4-a97d-d965ccfc6d4b" outcome="Passed" testListId="8c84fa94-04c1-424b-9868-57a2d4851a1d" relativeResultsDirectory="f426c9ae-9e21-4dbb-a4e6-c6a2e157c935">
      <Output>
        <DebugTrace>TcpListener started on 0.0.0.0:8008.
Listener: Listener started.
ClientsManager: ClientManager started.
ClientsManager: ClientManager stopped.
Listener: Listener stopped.
</DebugTrace>
      </Output>
    </UnitTestResult>
    <UnitTestResult executionId="92e07ef2-a1af-46bf-a782-f849a8a46767" testId="61f64de3-c180-b7d0-3089-accbd958bae0" testName="ServerTest" computerName="IGORSTARODYNOV" duration="00:00:00.0237933" startTime="2012-04-05T10:10:15.9490571+03:00" endTime="2012-04-05T10:10:15.9800589+03:00" testType="13cdc9d9-ddb5-4fa4-a97d-d965ccfc6d4b" outcome="Passed" testListId="8c84fa94-04c1-424b-9868-57a2d4851a1d" relativeResultsDirectory="92e07ef2-a1af-46bf-a782-f849a8a46767">
      <Output>
        <DebugTrace>ClientsManager: ClientManager started.
Listener: Listener started.
Server: Server started.
ClientsManager: ClientManager stopped.
Listener: Listener stopped.
Server: Server stopped.
</DebugTrace>
      </Output>
    </UnitTestResult>
    <UnitTestResult executionId="57132a55-f007-4119-ab7e-4f73af56a816" testId="9a00b1a9-240d-1b14-bd6f-57549208136b" testName="ListenerAddClient" computerName="IGORSTARODYNOV" startTime="2012-04-05T10:10:15.9810589+03:00" endTime="2012-04-05T10:10:16.3260786+03:00" testType="13cdc9d9-ddb5-4fa4-a97d-d965ccfc6d4b" testListId="8c84fa94-04c1-424b-9868-57a2d4851a1d" relativeResultsDirectory="57132a55-f007-4119-ab7e-4f73af56a816">
      <Output>
        <ErrorInfo>
          <Message>The agent process was stopped while the test was running.</Message>
        </ErrorInfo>
      </Output>
    </UnitTestResult>
    <UnitTestResult executionId="fe2053bd-1f34-4d6a-a7bd-b40ed8d74556" testId="cb01a2ba-6540-0c04-dd7d-8bea215d8576" testName="ServerWrongPort" computerName="IGORSTARODYNOV" duration="00:00:00.0368470" startTime="2012-04-05T10:10:16.3440797+03:00" endTime="2012-04-05T10:10:16.7631036+03:00" testType="13cdc9d9-ddb5-4fa4-a97d-d965ccfc6d4b" outcome="Passed" testListId="8c84fa94-04c1-424b-9868-57a2d4851a1d" relativeResultsDirectory="fe2053bd-1f34-4d6a-a7bd-b40ed8d74556">
    </UnitTestResult>
  </Results>
</TestRun>